
 	 Check Design Report (c)
	 ------------------- 
No subdesign's name is greater than 1.5k in length.

 Feedthrough Module(s)
 -------------------------
No feed through module in 'proj_extender'

  Unresolved References & Empty Modules
  ------------------------------------- 
No unresolved references in design 'proj_extender'

No empty modules in design 'proj_extender'

 Unloaded Pin(s), Port(s)
 -------------------------
No unloaded sequential element in 'proj_extender'

design 'proj_extender' has the following unloaded port(s)
port:proj_extender/in_fragment[511]
port:proj_extender/in_fragment[510]
port:proj_extender/in_fragment[509]
port:proj_extender/in_fragment[508]
port:proj_extender/in_fragment[507]
port:proj_extender/in_fragment[506]
port:proj_extender/in_fragment[505]
port:proj_extender/in_fragment[504]
port:proj_extender/in_fragment[503]
port:proj_extender/in_fragment[502]
port:proj_extender/in_fragment[501]
port:proj_extender/in_fragment[500]
port:proj_extender/in_fragment[499]
port:proj_extender/in_fragment[498]
port:proj_extender/in_fragment[497]
port:proj_extender/in_fragment[496]
port:proj_extender/in_fragment[495]
port:proj_extender/in_fragment[494]
port:proj_extender/in_fragment[493]
port:proj_extender/in_fragment[492]
port:proj_extender/in_fragment[491]
port:proj_extender/in_fragment[490]
port:proj_extender/in_fragment[489]
port:proj_extender/in_fragment[488]
port:proj_extender/in_fragment[487]
port:proj_extender/in_fragment[486]
port:proj_extender/in_fragment[485]
port:proj_extender/in_fragment[484]
port:proj_extender/in_fragment[483]
port:proj_extender/in_fragment[482]
port:proj_extender/in_fragment[481]
port:proj_extender/in_fragment[480]
port:proj_extender/in_fragment[479]
port:proj_extender/in_fragment[478]
port:proj_extender/in_fragment[477]
port:proj_extender/in_fragment[476]
port:proj_extender/in_fragment[475]
port:proj_extender/in_fragment[474]
port:proj_extender/in_fragment[473]
port:proj_extender/in_fragment[472]
port:proj_extender/in_fragment[471]
port:proj_extender/in_fragment[470]
port:proj_extender/in_fragment[469]
port:proj_extender/in_fragment[468]
port:proj_extender/in_fragment[467]
port:proj_extender/in_fragment[466]
port:proj_extender/in_fragment[465]
port:proj_extender/in_fragment[464]
port:proj_extender/in_fragment[463]
port:proj_extender/in_fragment[462]
port:proj_extender/in_fragment[461]
port:proj_extender/in_fragment[460]
port:proj_extender/in_fragment[459]
port:proj_extender/in_fragment[458]
port:proj_extender/in_fragment[457]
port:proj_extender/in_fragment[456]
port:proj_extender/in_fragment[455]
port:proj_extender/in_fragment[454]
port:proj_extender/in_fragment[453]
port:proj_extender/in_fragment[452]
port:proj_extender/in_fragment[451]
port:proj_extender/in_fragment[450]
port:proj_extender/in_fragment[449]
port:proj_extender/in_fragment[448]
port:proj_extender/in_fragment[447]
port:proj_extender/in_fragment[446]
port:proj_extender/in_fragment[445]
port:proj_extender/in_fragment[444]
port:proj_extender/in_fragment[443]
port:proj_extender/in_fragment[442]
port:proj_extender/in_fragment[441]
port:proj_extender/in_fragment[440]
port:proj_extender/in_fragment[439]
port:proj_extender/in_fragment[438]
port:proj_extender/in_fragment[437]
port:proj_extender/in_fragment[436]
port:proj_extender/in_fragment[435]
port:proj_extender/in_fragment[434]
port:proj_extender/in_fragment[433]
port:proj_extender/in_fragment[432]
port:proj_extender/in_fragment[431]
port:proj_extender/in_fragment[430]
port:proj_extender/in_fragment[429]
port:proj_extender/in_fragment[428]
port:proj_extender/in_fragment[427]
port:proj_extender/in_fragment[426]
port:proj_extender/in_fragment[425]
port:proj_extender/in_fragment[424]
port:proj_extender/in_fragment[423]
port:proj_extender/in_fragment[422]
port:proj_extender/in_fragment[421]
port:proj_extender/in_fragment[420]
port:proj_extender/in_fragment[419]
port:proj_extender/in_fragment[418]
port:proj_extender/in_fragment[417]
port:proj_extender/in_fragment[416]
port:proj_extender/in_fragment[415]
port:proj_extender/in_fragment[414]
port:proj_extender/in_fragment[413]
port:proj_extender/in_fragment[412]
port:proj_extender/in_fragment[411]
port:proj_extender/in_fragment[410]
port:proj_extender/in_fragment[409]
port:proj_extender/in_fragment[408]
port:proj_extender/in_fragment[407]
port:proj_extender/in_fragment[406]
port:proj_extender/in_fragment[405]
port:proj_extender/in_fragment[404]
port:proj_extender/in_fragment[403]
port:proj_extender/in_fragment[402]
port:proj_extender/in_fragment[401]
port:proj_extender/in_fragment[400]
port:proj_extender/in_fragment[399]
port:proj_extender/in_fragment[398]
port:proj_extender/in_fragment[397]
port:proj_extender/in_fragment[396]
port:proj_extender/in_fragment[395]
port:proj_extender/in_fragment[394]
port:proj_extender/in_fragment[393]
port:proj_extender/in_fragment[392]
port:proj_extender/in_fragment[391]
port:proj_extender/in_fragment[390]
port:proj_extender/in_fragment[389]
port:proj_extender/in_fragment[388]
port:proj_extender/in_fragment[387]
port:proj_extender/in_fragment[386]
port:proj_extender/in_fragment[385]
port:proj_extender/in_fragment[384]
port:proj_extender/in_fragment[383]
port:proj_extender/in_fragment[382]
port:proj_extender/in_fragment[381]
port:proj_extender/in_fragment[380]
port:proj_extender/in_fragment[379]
port:proj_extender/in_fragment[378]
port:proj_extender/in_fragment[377]
port:proj_extender/in_fragment[376]
port:proj_extender/in_fragment[375]
port:proj_extender/in_fragment[374]
port:proj_extender/in_fragment[373]
port:proj_extender/in_fragment[372]
port:proj_extender/in_fragment[371]
port:proj_extender/in_fragment[370]
port:proj_extender/in_fragment[369]
port:proj_extender/in_fragment[368]
port:proj_extender/in_fragment[367]
port:proj_extender/in_fragment[366]
port:proj_extender/in_fragment[365]
port:proj_extender/in_fragment[364]
port:proj_extender/in_fragment[363]
port:proj_extender/in_fragment[362]
port:proj_extender/in_fragment[361]
port:proj_extender/in_fragment[360]
port:proj_extender/in_fragment[359]
port:proj_extender/in_fragment[358]
port:proj_extender/in_fragment[357]
port:proj_extender/in_fragment[356]
port:proj_extender/in_fragment[355]
port:proj_extender/in_fragment[354]
port:proj_extender/in_fragment[353]
port:proj_extender/in_fragment[352]
port:proj_extender/in_fragment[351]
port:proj_extender/in_fragment[350]
port:proj_extender/in_fragment[349]
port:proj_extender/in_fragment[348]
port:proj_extender/in_fragment[347]
port:proj_extender/in_fragment[346]
port:proj_extender/in_fragment[345]
port:proj_extender/in_fragment[344]
port:proj_extender/in_fragment[343]
port:proj_extender/in_fragment[342]
port:proj_extender/in_fragment[341]
port:proj_extender/in_fragment[340]
port:proj_extender/in_fragment[339]
port:proj_extender/in_fragment[338]
port:proj_extender/in_fragment[337]
port:proj_extender/in_fragment[336]
port:proj_extender/in_fragment[335]
port:proj_extender/in_fragment[334]
port:proj_extender/in_fragment[333]
port:proj_extender/in_fragment[332]
port:proj_extender/in_fragment[331]
port:proj_extender/in_fragment[330]
port:proj_extender/in_fragment[329]
port:proj_extender/in_fragment[328]
port:proj_extender/in_fragment[327]
port:proj_extender/in_fragment[326]
port:proj_extender/in_fragment[325]
port:proj_extender/in_fragment[324]
port:proj_extender/in_fragment[323]
port:proj_extender/in_fragment[322]
port:proj_extender/in_fragment[321]
port:proj_extender/in_fragment[320]
port:proj_extender/in_fragment[319]
port:proj_extender/in_fragment[318]
port:proj_extender/in_fragment[317]
port:proj_extender/in_fragment[316]
port:proj_extender/in_fragment[315]
port:proj_extender/in_fragment[314]
port:proj_extender/in_fragment[313]
port:proj_extender/in_fragment[312]
port:proj_extender/in_fragment[311]
port:proj_extender/in_fragment[310]
port:proj_extender/in_fragment[309]
port:proj_extender/in_fragment[308]
port:proj_extender/in_fragment[307]
port:proj_extender/in_fragment[306]
port:proj_extender/in_fragment[305]
port:proj_extender/in_fragment[304]
port:proj_extender/in_fragment[303]
port:proj_extender/in_fragment[302]
port:proj_extender/in_fragment[301]
port:proj_extender/in_fragment[300]
port:proj_extender/in_fragment[299]
port:proj_extender/in_fragment[298]
port:proj_extender/in_fragment[297]
port:proj_extender/in_fragment[296]
port:proj_extender/in_fragment[295]
port:proj_extender/in_fragment[294]
port:proj_extender/in_fragment[293]
port:proj_extender/in_fragment[292]
port:proj_extender/in_fragment[291]
port:proj_extender/in_fragment[290]
port:proj_extender/in_fragment[289]
port:proj_extender/in_fragment[288]
port:proj_extender/in_fragment[287]
port:proj_extender/in_fragment[286]
port:proj_extender/in_fragment[285]
port:proj_extender/in_fragment[284]
port:proj_extender/in_fragment[283]
port:proj_extender/in_fragment[282]
port:proj_extender/in_fragment[281]
port:proj_extender/in_fragment[280]
port:proj_extender/in_fragment[279]
port:proj_extender/in_fragment[278]
port:proj_extender/in_fragment[277]
port:proj_extender/in_fragment[276]
port:proj_extender/in_fragment[275]
port:proj_extender/in_fragment[274]
port:proj_extender/in_fragment[273]
port:proj_extender/in_fragment[272]
port:proj_extender/in_fragment[271]
port:proj_extender/in_fragment[270]
port:proj_extender/in_fragment[269]
port:proj_extender/in_fragment[268]
port:proj_extender/in_fragment[267]
port:proj_extender/in_fragment[266]
port:proj_extender/in_fragment[265]
port:proj_extender/in_fragment[264]
port:proj_extender/in_fragment[263]
port:proj_extender/in_fragment[262]
port:proj_extender/in_fragment[261]
port:proj_extender/in_fragment[260]
port:proj_extender/in_fragment[259]
port:proj_extender/in_fragment[258]
port:proj_extender/in_fragment[257]
port:proj_extender/in_fragment[256]
Total number of unloaded ports in design 'proj_extender' : 256

 Unloaded Combinational Pin(s)
 -------------------------------
No unloaded combinational element in 'proj_extender'

 Assigns
 ------- 
Total number of assign statements in design 'proj_extender' : 0

 Undriven Port(s)/Pin(s)
 ------------------------
No undriven combinational pin in 'proj_extender'

No undriven sequential pin in 'proj_extender'

No undriven hierarchical pin in 'proj_extender'

No undriven port in 'proj_extender'

 Multidriven Port(s)/Pin(s)
--------------------------

No multidriven combinational pin in 'proj_extender'

No multidriven sequential pin in 'proj_extender'

No multidriven hierarchical pin in 'proj_extender'

No multidriven ports in 'proj_extender'

No multidriven unloaded nets in 'proj_extender'

  Constant Pin(s)
  ----------------
No constant combinational pin(s) in design 'proj_extender'

No constant sequential pin(s) in design 'proj_extender'

design 'proj_extender' has the following constant input hierarchical pin(s)
hpin:proj_extender/add_49_77/B 	 (fanout : 2)
hpin:proj_extender/add_70_64/B 	 (fanout : 2)
hpin:proj_extender/sub_72_43/A[15] 	 (fanout : 1)
hpin:proj_extender/sub_72_43/B[6] 	 (fanout : 1)
hpin:proj_extender/sub_72_43/B[5] 	 (fanout : 1)
hpin:proj_extender/sub_72_43/B[4] 	 (fanout : 1)
hpin:proj_extender/sub_72_43/B[3] 	 (fanout : 1)
hpin:proj_extender/sub_72_43/B[2] 	 (fanout : 1)
hpin:proj_extender/sub_72_43/B[1] 	 (fanout : 1)
hpin:proj_extender/sub_72_43/B[0] 	 (fanout : 2)
hpin:proj_extender/mux_47_49/in_0 	 (fanout : 1)
hpin:proj_extender/mux_47_49/in_1 	 (fanout : 1)
hpin:proj_extender/mux_out_gfm_58_23/in_0[3] 	 (fanout : 1)
hpin:proj_extender/mux_out_gfm_58_23/in_0[2] 	 (fanout : 1)
hpin:proj_extender/mux_out_gfm_58_23/in_0[1] 	 (fanout : 1)
hpin:proj_extender/mux_out_gfm_58_23/in_0[0] 	 (fanout : 1)
hpin:proj_extender/mux_out_gfm_58_23/in_1[3] 	 (fanout : 1)
hpin:proj_extender/mux_out_gfm_58_23/in_1[2] 	 (fanout : 1)
hpin:proj_extender/mux_out_gfm_58_23/in_1[1] 	 (fanout : 1)
hpin:proj_extender/mux_out_gfm_58_23/in_1[0] 	 (fanout : 1)
hpin:proj_extender/mux_out_gfm_58_23/in_2[3] 	 (fanout : 1)
hpin:proj_extender/mux_out_gfm_58_23/in_2[2] 	 (fanout : 1)
hpin:proj_extender/mux_out_gfm_58_23/in_2[1] 	 (fanout : 1)
hpin:proj_extender/mux_out_gfm_58_23/in_2[0] 	 (fanout : 1)
hpin:proj_extender/mux_out_gfm_58_23/in_3[3] 	 (fanout : 1)
hpin:proj_extender/mux_out_gfm_58_23/in_3[2] 	 (fanout : 1)
hpin:proj_extender/mux_out_gfm_58_23/in_3[1] 	 (fanout : 1)
hpin:proj_extender/mux_out_gfm_58_23/in_3[0] 	 (fanout : 1)
hpin:proj_extender/mux_out_gfm_58_265/in_0[3] 	 (fanout : 1)
hpin:proj_extender/mux_out_gfm_58_265/in_0[2] 	 (fanout : 1)
hpin:proj_extender/mux_out_gfm_58_265/in_0[1] 	 (fanout : 1)
hpin:proj_extender/mux_out_gfm_58_265/in_0[0] 	 (fanout : 1)
hpin:proj_extender/mux_out_gfm_58_265/in_1[3] 	 (fanout : 1)
hpin:proj_extender/mux_out_gfm_58_265/in_1[2] 	 (fanout : 1)
hpin:proj_extender/mux_out_gfm_58_265/in_1[1] 	 (fanout : 1)
hpin:proj_extender/mux_out_gfm_58_265/in_1[0] 	 (fanout : 1)
hpin:proj_extender/mux_out_gfm_58_265/in_2[3] 	 (fanout : 1)
hpin:proj_extender/mux_out_gfm_58_265/in_2[2] 	 (fanout : 1)
hpin:proj_extender/mux_out_gfm_58_265/in_2[1] 	 (fanout : 1)
hpin:proj_extender/mux_out_gfm_58_265/in_2[0] 	 (fanout : 1)
hpin:proj_extender/mux_out_gfm_58_265/in_3[3] 	 (fanout : 1)
hpin:proj_extender/mux_out_gfm_58_265/in_3[2] 	 (fanout : 1)
hpin:proj_extender/mux_out_gfm_58_265/in_3[1] 	 (fanout : 1)
hpin:proj_extender/mux_out_gfm_58_265/in_3[0] 	 (fanout : 1)
Total number of constant hierarchical pins in design 'proj_extender' : 44

No constant connected ports in design 'proj_extender'

  Preserved instances(s)
  ----------------
No preserved combinational instance(s) in design 'proj_extender'
No preserved sequential instance(s) in design 'proj_extender'
No preserved hierarchical instance(s) in design 'proj_extender'

  Physical only instances(s)
  ----------------
No physical only instance(s) in design 'proj_extender'

  Logical only instance(s) and linked libcells
    -----------------------------------------
No logical only instance(s) in design 'proj_extender'

Libcells with no corresponding LEF
----------------------------------
No libcell(s) found.

LEF cells with no corresponding libcell
---------------------------------------
lib_cell:default_emulate_libset_max/physical_cells/ENDCAPTIE2_A9TR
lib_cell:default_emulate_libset_max/physical_cells/FILL128_A9TR
lib_cell:default_emulate_libset_max/physical_cells/FILL16_A9TR
lib_cell:default_emulate_libset_max/physical_cells/FILL1_A9TR
lib_cell:default_emulate_libset_max/physical_cells/FILL2_A9TR
lib_cell:default_emulate_libset_max/physical_cells/FILL32_A9TR
lib_cell:default_emulate_libset_max/physical_cells/FILL4_A9TR
lib_cell:default_emulate_libset_max/physical_cells/FILL64_A9TR
lib_cell:default_emulate_libset_max/physical_cells/FILL8_A9TR
lib_cell:default_emulate_libset_max/physical_cells/FILLTIE128_A9TR
lib_cell:default_emulate_libset_max/physical_cells/FILLTIE16_A9TR
lib_cell:default_emulate_libset_max/physical_cells/FILLTIE2_A9TR
lib_cell:default_emulate_libset_max/physical_cells/FILLTIE32_A9TR
lib_cell:default_emulate_libset_max/physical_cells/FILLTIE4_A9TR
lib_cell:default_emulate_libset_max/physical_cells/FILLTIE64_A9TR
lib_cell:default_emulate_libset_max/physical_cells/FILLTIE8_A9TR
lib_cell:default_emulate_libset_max/physical_cells/WELLANTENNATIEPW2_A9TR
lib_cell:default_emulate_libset_max/physical_cells/ENDCAPTIE2_A9TL
lib_cell:default_emulate_libset_max/physical_cells/FILL128_A9TL
lib_cell:default_emulate_libset_max/physical_cells/FILL16_A9TL
lib_cell:default_emulate_libset_max/physical_cells/FILL1_A9TL
lib_cell:default_emulate_libset_max/physical_cells/FILL2_A9TL
lib_cell:default_emulate_libset_max/physical_cells/FILL32_A9TL
lib_cell:default_emulate_libset_max/physical_cells/FILL4_A9TL
lib_cell:default_emulate_libset_max/physical_cells/FILL64_A9TL
lib_cell:default_emulate_libset_max/physical_cells/FILL8_A9TL
lib_cell:default_emulate_libset_max/physical_cells/FILLTIE128_A9TL
lib_cell:default_emulate_libset_max/physical_cells/FILLTIE16_A9TL
lib_cell:default_emulate_libset_max/physical_cells/FILLTIE2_A9TL
lib_cell:default_emulate_libset_max/physical_cells/FILLTIE32_A9TL
lib_cell:default_emulate_libset_max/physical_cells/FILLTIE4_A9TL
lib_cell:default_emulate_libset_max/physical_cells/FILLTIE64_A9TL
lib_cell:default_emulate_libset_max/physical_cells/FILLTIE8_A9TL
lib_cell:default_emulate_libset_max/physical_cells/WELLANTENNATIEPW2_A9TL
lib_cell:default_emulate_libset_max/physical_cells/ENDCAPTIE2_A9TH
lib_cell:default_emulate_libset_max/physical_cells/FILL128_A9TH
lib_cell:default_emulate_libset_max/physical_cells/FILL16_A9TH
lib_cell:default_emulate_libset_max/physical_cells/FILL1_A9TH
lib_cell:default_emulate_libset_max/physical_cells/FILL2_A9TH
lib_cell:default_emulate_libset_max/physical_cells/FILL32_A9TH
lib_cell:default_emulate_libset_max/physical_cells/FILL4_A9TH
lib_cell:default_emulate_libset_max/physical_cells/FILL64_A9TH
lib_cell:default_emulate_libset_max/physical_cells/FILL8_A9TH
lib_cell:default_emulate_libset_max/physical_cells/FILLTIE128_A9TH
lib_cell:default_emulate_libset_max/physical_cells/FILLTIE16_A9TH
lib_cell:default_emulate_libset_max/physical_cells/FILLTIE2_A9TH
lib_cell:default_emulate_libset_max/physical_cells/FILLTIE32_A9TH
lib_cell:default_emulate_libset_max/physical_cells/FILLTIE4_A9TH
lib_cell:default_emulate_libset_max/physical_cells/FILLTIE64_A9TH
lib_cell:default_emulate_libset_max/physical_cells/FILLTIE8_A9TH
lib_cell:default_emulate_libset_max/physical_cells/WELLANTENNATIEPW2_A9TH
Total number cell(s) with only physical (LEF) Info : 51

 Summary
 ------- 

              Name                       Total
----------------------------------------------
Unresolved References                        0
Empty Modules                                0
Unloaded Port(s)                           256
Unloaded Sequential Pin(s)                   0
Unloaded Combinational Pin(s)                0
Assigns                                      0
Undriven Port(s)                             0
Undriven Leaf Pin(s)                         0
Undriven hierarchical pin(s)                 0
Multidriven Port(s)                          0
Multidriven Leaf Pin(s)                      0
Multidriven hierarchical Pin(s)              0
Multidriven unloaded net(s)                  0
Constant Port(s)                             0
Constant Leaf Pin(s)                         0
Constant hierarchical Pin(s)                44
Preserved leaf instance(s)                   0
Preserved hierarchical instance(s)           0
Feedthrough Modules(s)                       0
Libcells with no LEF cell                    0
Physical (LEF) cells with no libcell        51
Subdesigns with long module name             0
Physical only instance(s)                    0
Logical only instance(s)                     0

  Done Checking the design.
