
 	 Check Design Report (c)
	 ------------------- 
No subdesign's name is greater than 1.5k in length.

 Feedthrough Module(s)
 -------------------------
No feed through module in 'proj_counter'

  Unresolved References & Empty Modules
  ------------------------------------- 
No unresolved references in design 'proj_counter'

No empty modules in design 'proj_counter'

 Unloaded Pin(s), Port(s)
 -------------------------
No unloaded sequential element in 'proj_counter'

No unloaded port in 'proj_counter'

 Unloaded Combinational Pin(s)
 -------------------------------
No unloaded combinational element in 'proj_counter'

 Assigns
 ------- 
Total number of assign statements in design 'proj_counter' : 0

 Undriven Port(s)/Pin(s)
 ------------------------
No undriven combinational pin in 'proj_counter'

No undriven sequential pin in 'proj_counter'

No undriven hierarchical pin in 'proj_counter'

No undriven port in 'proj_counter'

 Multidriven Port(s)/Pin(s)
--------------------------

No multidriven combinational pin in 'proj_counter'

No multidriven sequential pin in 'proj_counter'

No multidriven hierarchical pin in 'proj_counter'

No multidriven ports in 'proj_counter'

No multidriven unloaded nets in 'proj_counter'

  Constant Pin(s)
  ----------------
No constant combinational pin(s) in design 'proj_counter'

No constant sequential pin(s) in design 'proj_counter'

design 'proj_counter' has the following constant input hierarchical pin(s)
hpin:proj_counter/add_27_67/B 	 (fanout : 2)
hpin:proj_counter/mux_out_index_46_32/in_1[8] 	 (fanout : 1)
hpin:proj_counter/mux_out_index_46_32/in_1[7] 	 (fanout : 1)
hpin:proj_counter/mux_out_index_46_32/in_1[6] 	 (fanout : 1)
hpin:proj_counter/mux_out_index_46_32/in_1[5] 	 (fanout : 1)
hpin:proj_counter/mux_out_index_46_32/in_1[4] 	 (fanout : 1)
hpin:proj_counter/mux_out_index_46_32/in_1[3] 	 (fanout : 1)
hpin:proj_counter/mux_out_index_46_32/in_1[2] 	 (fanout : 1)
hpin:proj_counter/mux_out_index_46_32/in_1[1] 	 (fanout : 1)
hpin:proj_counter/mux_out_index_46_32/in_1[0] 	 (fanout : 1)
hpin:proj_counter/mux_23_38/in_0 	 (fanout : 1)
hpin:proj_counter/mux_23_38/in_1 	 (fanout : 1)
Total number of constant hierarchical pins in design 'proj_counter' : 12

No constant connected ports in design 'proj_counter'

  Preserved instances(s)
  ----------------
No preserved combinational instance(s) in design 'proj_counter'
No preserved sequential instance(s) in design 'proj_counter'
No preserved hierarchical instance(s) in design 'proj_counter'

  Physical only instances(s)
  ----------------
No physical only instance(s) in design 'proj_counter'

  Logical only instance(s) and linked libcells
    -----------------------------------------
No logical only instance(s) in design 'proj_counter'

Libcells with no corresponding LEF
----------------------------------
No libcell(s) found.

LEF cells with no corresponding libcell
---------------------------------------
lib_cell:default_emulate_libset_max/physical_cells/ENDCAPTIE2_A9TR
lib_cell:default_emulate_libset_max/physical_cells/FILL128_A9TR
lib_cell:default_emulate_libset_max/physical_cells/FILL16_A9TR
lib_cell:default_emulate_libset_max/physical_cells/FILL1_A9TR
lib_cell:default_emulate_libset_max/physical_cells/FILL2_A9TR
lib_cell:default_emulate_libset_max/physical_cells/FILL32_A9TR
lib_cell:default_emulate_libset_max/physical_cells/FILL4_A9TR
lib_cell:default_emulate_libset_max/physical_cells/FILL64_A9TR
lib_cell:default_emulate_libset_max/physical_cells/FILL8_A9TR
lib_cell:default_emulate_libset_max/physical_cells/FILLTIE128_A9TR
lib_cell:default_emulate_libset_max/physical_cells/FILLTIE16_A9TR
lib_cell:default_emulate_libset_max/physical_cells/FILLTIE2_A9TR
lib_cell:default_emulate_libset_max/physical_cells/FILLTIE32_A9TR
lib_cell:default_emulate_libset_max/physical_cells/FILLTIE4_A9TR
lib_cell:default_emulate_libset_max/physical_cells/FILLTIE64_A9TR
lib_cell:default_emulate_libset_max/physical_cells/FILLTIE8_A9TR
lib_cell:default_emulate_libset_max/physical_cells/WELLANTENNATIEPW2_A9TR
lib_cell:default_emulate_libset_max/physical_cells/ENDCAPTIE2_A9TL
lib_cell:default_emulate_libset_max/physical_cells/FILL128_A9TL
lib_cell:default_emulate_libset_max/physical_cells/FILL16_A9TL
lib_cell:default_emulate_libset_max/physical_cells/FILL1_A9TL
lib_cell:default_emulate_libset_max/physical_cells/FILL2_A9TL
lib_cell:default_emulate_libset_max/physical_cells/FILL32_A9TL
lib_cell:default_emulate_libset_max/physical_cells/FILL4_A9TL
lib_cell:default_emulate_libset_max/physical_cells/FILL64_A9TL
lib_cell:default_emulate_libset_max/physical_cells/FILL8_A9TL
lib_cell:default_emulate_libset_max/physical_cells/FILLTIE128_A9TL
lib_cell:default_emulate_libset_max/physical_cells/FILLTIE16_A9TL
lib_cell:default_emulate_libset_max/physical_cells/FILLTIE2_A9TL
lib_cell:default_emulate_libset_max/physical_cells/FILLTIE32_A9TL
lib_cell:default_emulate_libset_max/physical_cells/FILLTIE4_A9TL
lib_cell:default_emulate_libset_max/physical_cells/FILLTIE64_A9TL
lib_cell:default_emulate_libset_max/physical_cells/FILLTIE8_A9TL
lib_cell:default_emulate_libset_max/physical_cells/WELLANTENNATIEPW2_A9TL
lib_cell:default_emulate_libset_max/physical_cells/ENDCAPTIE2_A9TH
lib_cell:default_emulate_libset_max/physical_cells/FILL128_A9TH
lib_cell:default_emulate_libset_max/physical_cells/FILL16_A9TH
lib_cell:default_emulate_libset_max/physical_cells/FILL1_A9TH
lib_cell:default_emulate_libset_max/physical_cells/FILL2_A9TH
lib_cell:default_emulate_libset_max/physical_cells/FILL32_A9TH
lib_cell:default_emulate_libset_max/physical_cells/FILL4_A9TH
lib_cell:default_emulate_libset_max/physical_cells/FILL64_A9TH
lib_cell:default_emulate_libset_max/physical_cells/FILL8_A9TH
lib_cell:default_emulate_libset_max/physical_cells/FILLTIE128_A9TH
lib_cell:default_emulate_libset_max/physical_cells/FILLTIE16_A9TH
lib_cell:default_emulate_libset_max/physical_cells/FILLTIE2_A9TH
lib_cell:default_emulate_libset_max/physical_cells/FILLTIE32_A9TH
lib_cell:default_emulate_libset_max/physical_cells/FILLTIE4_A9TH
lib_cell:default_emulate_libset_max/physical_cells/FILLTIE64_A9TH
lib_cell:default_emulate_libset_max/physical_cells/FILLTIE8_A9TH
lib_cell:default_emulate_libset_max/physical_cells/WELLANTENNATIEPW2_A9TH
Total number cell(s) with only physical (LEF) Info : 51

 Summary
 ------- 

              Name                       Total
----------------------------------------------
Unresolved References                        0
Empty Modules                                0
Unloaded Port(s)                             0
Unloaded Sequential Pin(s)                   0
Unloaded Combinational Pin(s)                0
Assigns                                      0
Undriven Port(s)                             0
Undriven Leaf Pin(s)                         0
Undriven hierarchical pin(s)                 0
Multidriven Port(s)                          0
Multidriven Leaf Pin(s)                      0
Multidriven hierarchical Pin(s)              0
Multidriven unloaded net(s)                  0
Constant Port(s)                             0
Constant Leaf Pin(s)                         0
Constant hierarchical Pin(s)                12
Preserved leaf instance(s)                   0
Preserved hierarchical instance(s)           0
Feedthrough Modules(s)                       0
Libcells with no LEF cell                    0
Physical (LEF) cells with no libcell        51
Subdesigns with long module name             0
Physical only instance(s)                    0
Logical only instance(s)                     0

  Done Checking the design.
